// Jest Snapshot v1, https://goo.gl/fbAQLP

exports[`should render AddTodo component properly 1`] = `
ShallowWrapper {
  "length": 1,
  Symbol(enzyme.__root__): [Circular],
  Symbol(enzyme.__unrendered__): <AddTodo
    addTodo={[MockFunction]}
  />,
  Symbol(enzyme.__renderer__): Object {
    "batchedUpdates": [Function],
    "getNode": [Function],
    "render": [Function],
    "simulateEvent": [Function],
    "unmount": [Function],
  },
  Symbol(enzyme.__node__): Object {
    "instance": null,
    "key": undefined,
    "nodeType": "host",
    "props": Object {
      "children": Array [
        <h2>
          Add a todo
        </h2>,
        <form
          onSubmit={[Function]}
        >
          <input
            id="add-todo"
            name="add-todo"
            placeholder="Todo description"
          />
        </form>,
      ],
    },
    "ref": null,
    "rendered": Array [
      Object {
        "instance": null,
        "key": undefined,
        "nodeType": "host",
        "props": Object {
          "children": "Add a todo",
        },
        "ref": null,
        "rendered": "Add a todo",
        "type": "h2",
      },
      Object {
        "instance": null,
        "key": undefined,
        "nodeType": "host",
        "props": Object {
          "children": <input
            id="add-todo"
            name="add-todo"
            placeholder="Todo description"
          />,
          "onSubmit": [Function],
        },
        "ref": null,
        "rendered": Object {
          "instance": null,
          "key": undefined,
          "nodeType": "host",
          "props": Object {
            "id": "add-todo",
            "name": "add-todo",
            "placeholder": "Todo description",
          },
          "ref": "todoText",
          "rendered": null,
          "type": "input",
        },
        "type": "form",
      },
    ],
    "type": "div",
  },
  Symbol(enzyme.__nodes__): Array [
    Object {
      "instance": null,
      "key": undefined,
      "nodeType": "host",
      "props": Object {
        "children": Array [
          <h2>
            Add a todo
          </h2>,
          <form
            onSubmit={[Function]}
          >
            <input
              id="add-todo"
              name="add-todo"
              placeholder="Todo description"
            />
          </form>,
        ],
      },
      "ref": null,
      "rendered": Array [
        Object {
          "instance": null,
          "key": undefined,
          "nodeType": "host",
          "props": Object {
            "children": "Add a todo",
          },
          "ref": null,
          "rendered": "Add a todo",
          "type": "h2",
        },
        Object {
          "instance": null,
          "key": undefined,
          "nodeType": "host",
          "props": Object {
            "children": <input
              id="add-todo"
              name="add-todo"
              placeholder="Todo description"
            />,
            "onSubmit": [Function],
          },
          "ref": null,
          "rendered": Object {
            "instance": null,
            "key": undefined,
            "nodeType": "host",
            "props": Object {
              "id": "add-todo",
              "name": "add-todo",
              "placeholder": "Todo description",
            },
            "ref": "todoText",
            "rendered": null,
            "type": "input",
          },
          "type": "form",
        },
      ],
      "type": "div",
    },
  ],
  Symbol(enzyme.__options__): Object {
    "adapter": ReactSixteenAdapter {
      "options": Object {
        "enableComponentDidUpdateOnSetState": true,
      },
    },
  },
}
`;
